Archive member included to satisfy reference by file (symbol)

c:/apps/atmel/studio/7.0/toolchain/avr8/avr8-gnu-toolchain/bin/../lib/gcc/avr/5.4.0/../../../../avr/lib/avr6\libm.a(addsf3.o)
                              main.o (__addsf3)
c:/apps/atmel/studio/7.0/toolchain/avr8/avr8-gnu-toolchain/bin/../lib/gcc/avr/5.4.0/../../../../avr/lib/avr6\libm.a(addsf3x.o)
                              c:/apps/atmel/studio/7.0/toolchain/avr8/avr8-gnu-toolchain/bin/../lib/gcc/avr/5.4.0/../../../../avr/lib/avr6\libm.a(addsf3.o) (__addsf3x)
c:/apps/atmel/studio/7.0/toolchain/avr8/avr8-gnu-toolchain/bin/../lib/gcc/avr/5.4.0/../../../../avr/lib/avr6\libm.a(divsf3.o)
                              main.o (__divsf3)
c:/apps/atmel/studio/7.0/toolchain/avr8/avr8-gnu-toolchain/bin/../lib/gcc/avr/5.4.0/../../../../avr/lib/avr6\libm.a(divsf3x.o)
                              c:/apps/atmel/studio/7.0/toolchain/avr8/avr8-gnu-toolchain/bin/../lib/gcc/avr/5.4.0/../../../../avr/lib/avr6\libm.a(divsf3.o) (__divsf3x)
c:/apps/atmel/studio/7.0/toolchain/avr8/avr8-gnu-toolchain/bin/../lib/gcc/avr/5.4.0/../../../../avr/lib/avr6\libm.a(floatsisf.o)
                              main.o (__floatunsisf)
c:/apps/atmel/studio/7.0/toolchain/avr8/avr8-gnu-toolchain/bin/../lib/gcc/avr/5.4.0/../../../../avr/lib/avr6\libm.a(fp_inf.o)
                              c:/apps/atmel/studio/7.0/toolchain/avr8/avr8-gnu-toolchain/bin/../lib/gcc/avr/5.4.0/../../../../avr/lib/avr6\libm.a(addsf3x.o) (__fp_inf)
c:/apps/atmel/studio/7.0/toolchain/avr8/avr8-gnu-toolchain/bin/../lib/gcc/avr/5.4.0/../../../../avr/lib/avr6\libm.a(fp_nan.o)
                              c:/apps/atmel/studio/7.0/toolchain/avr8/avr8-gnu-toolchain/bin/../lib/gcc/avr/5.4.0/../../../../avr/lib/avr6\libm.a(addsf3x.o) (__fp_nan)
c:/apps/atmel/studio/7.0/toolchain/avr8/avr8-gnu-toolchain/bin/../lib/gcc/avr/5.4.0/../../../../avr/lib/avr6\libm.a(fp_pscA.o)
                              c:/apps/atmel/studio/7.0/toolchain/avr8/avr8-gnu-toolchain/bin/../lib/gcc/avr/5.4.0/../../../../avr/lib/avr6\libm.a(addsf3x.o) (__fp_pscA)
c:/apps/atmel/studio/7.0/toolchain/avr8/avr8-gnu-toolchain/bin/../lib/gcc/avr/5.4.0/../../../../avr/lib/avr6\libm.a(fp_pscB.o)
                              c:/apps/atmel/studio/7.0/toolchain/avr8/avr8-gnu-toolchain/bin/../lib/gcc/avr/5.4.0/../../../../avr/lib/avr6\libm.a(addsf3x.o) (__fp_pscB)
c:/apps/atmel/studio/7.0/toolchain/avr8/avr8-gnu-toolchain/bin/../lib/gcc/avr/5.4.0/../../../../avr/lib/avr6\libm.a(fp_round.o)
                              c:/apps/atmel/studio/7.0/toolchain/avr8/avr8-gnu-toolchain/bin/../lib/gcc/avr/5.4.0/../../../../avr/lib/avr6\libm.a(addsf3.o) (__fp_round)
c:/apps/atmel/studio/7.0/toolchain/avr8/avr8-gnu-toolchain/bin/../lib/gcc/avr/5.4.0/../../../../avr/lib/avr6\libm.a(fp_split3.o)
                              c:/apps/atmel/studio/7.0/toolchain/avr8/avr8-gnu-toolchain/bin/../lib/gcc/avr/5.4.0/../../../../avr/lib/avr6\libm.a(addsf3x.o) (__fp_split3)
c:/apps/atmel/studio/7.0/toolchain/avr8/avr8-gnu-toolchain/bin/../lib/gcc/avr/5.4.0/../../../../avr/lib/avr6\libm.a(fp_zero.o)
                              c:/apps/atmel/studio/7.0/toolchain/avr8/avr8-gnu-toolchain/bin/../lib/gcc/avr/5.4.0/../../../../avr/lib/avr6\libm.a(addsf3x.o) (__fp_zero)
c:/apps/atmel/studio/7.0/toolchain/avr8/avr8-gnu-toolchain/bin/../lib/gcc/avr/5.4.0/../../../../avr/lib/avr6\libm.a(gesf2.o)
                              main.o (__gesf2)
c:/apps/atmel/studio/7.0/toolchain/avr8/avr8-gnu-toolchain/bin/../lib/gcc/avr/5.4.0/../../../../avr/lib/avr6\libm.a(mulsf3.o)
                              main.o (__mulsf3)
c:/apps/atmel/studio/7.0/toolchain/avr8/avr8-gnu-toolchain/bin/../lib/gcc/avr/5.4.0/../../../../avr/lib/avr6\libm.a(mulsf3x.o)
                              c:/apps/atmel/studio/7.0/toolchain/avr8/avr8-gnu-toolchain/bin/../lib/gcc/avr/5.4.0/../../../../avr/lib/avr6\libm.a(mulsf3.o) (__mulsf3x)
c:/apps/atmel/studio/7.0/toolchain/avr8/avr8-gnu-toolchain/bin/../lib/gcc/avr/5.4.0/../../../../avr/lib/avr6\libm.a(fp_cmp.o)
                              c:/apps/atmel/studio/7.0/toolchain/avr8/avr8-gnu-toolchain/bin/../lib/gcc/avr/5.4.0/../../../../avr/lib/avr6\libm.a(gesf2.o) (__fp_cmp)
c:/apps/atmel/studio/7.0/toolchain/avr8/avr8-gnu-toolchain/bin/../lib/gcc/avr/5.4.0/avr6\libgcc.a(_divmodhi4.o)
                              timer.o (__divmodhi4)
c:/apps/atmel/studio/7.0/toolchain/avr8/avr8-gnu-toolchain/bin/../lib/gcc/avr/5.4.0/avr6\libgcc.a(_udivmodsi4.o)
                              stack/hal/drivers/atmega256rfr2/src/halSleep.o (__udivmodsi4)
c:/apps/atmel/studio/7.0/toolchain/avr8/avr8-gnu-toolchain/bin/../lib/gcc/avr/5.4.0/avr6\libgcc.a(_exit.o)
                              c:/apps/atmel/studio/7.0/toolchain/avr8/avr8-gnu-toolchain/bin/../lib/gcc/avr/5.4.0/../../../../avr/lib/avr6/crtatmega256rfr2.o (exit)
c:/apps/atmel/studio/7.0/toolchain/avr8/avr8-gnu-toolchain/bin/../lib/gcc/avr/5.4.0/avr6\libgcc.a(_copy_data.o)
[...]
Memory Configuration

Name             Origin             Length             Attributes
text             0x00000000         0x00040000         xr
data             0x00800200         0x00008000         rw !x
eeprom           0x00810000         0x00002000         rw !x
fuse             0x00820000         0x00000003         rw !x
lock             0x00830000         0x00000400         rw !x
signature        0x00840000         0x00000400         rw !x
user_signatures  0x00850000         0x00000400         rw !x
*default*        0x00000000         0xffffffff

Linker script and memory map

Address of section .data set to 0x800200
LOAD c:/apps/atmel/studio/7.0/toolchain/avr8/avr8-gnu-toolchain/bin/../lib/gcc/avr/5.4.0/../../../../avr/lib/avr6/crtatmega256rfr2.o
LOAD adc.o
LOAD button.o
LOAD i2c.o
LOAD main.o
LOAD stack/hal/atmega256rfr2/src/hal.o
LOAD stack/hal/atmega256rfr2/src/halTimer.o
LOAD stack/hal/drivers/atmega256rfr2/src/halSleep.o
LOAD stack/hal/drivers/atmega256rfr2/src/halUart.o
LOAD stack/nwk/src/nwk.o
LOAD stack/nwk/src/nwkDataReq.o
LOAD stack/nwk/src/nwkFrame.o
LOAD stack/nwk/src/nwkGroup.o
LOAD stack/nwk/src/nwkRoute.o
LOAD stack/nwk/src/nwkRouteDiscovery.o
LOAD stack/nwk/src/nwkRx.o
LOAD stack/nwk/src/nwkSecurity.o
LOAD stack/nwk/src/nwkTx.o
LOAD stack/phy/atmega256rfr2/src/phy.o
LOAD stack/sys/src/sys.o
LOAD stack/sys/src/sysEncrypt.o
LOAD stack/sys/src/sysTimer.o
LOAD temp.o
LOAD timer.o
LOAD uart.o
START GROUP
LOAD c:/apps/atmel/studio/7.0/toolchain/avr8/avr8-gnu-toolchain/bin/../lib/gcc/avr/5.4.0/../../../../avr/lib/avr6\libm.a
END GROUP
START GROUP
LOAD c:/apps/atmel/studio/7.0/toolchain/avr8/avr8-gnu-toolchain/bin/../lib/gcc/avr/5.4.0/avr6\libgcc.a
LOAD c:/apps/atmel/studio/7.0/toolchain/avr8/avr8-gnu-toolchain/bin/../lib/gcc/avr/5.4.0/../../../../avr/lib/avr6\libm.a
LOAD c:/apps/atmel/studio/7.0/toolchain/avr8/avr8-gnu-toolchain/bin/../lib/gcc/avr/5.4.0/../../../../avr/lib/avr6\libc.a
LOAD c:/apps/atmel/studio/7.0/toolchain/avr8/avr8-gnu-toolchain/bin/../lib/gcc/avr/5.4.0/../../../../avr/lib/avr6\libatmega256rfr2.a
END GROUP
                [0x00000000]                __TEXT_REGION_ORIGIN__ = DEFINED (__TEXT_REGION_ORIGIN__)?__TEXT_REGION_ORIGIN__:0x0
                [0x00800200]                __DATA_REGION_ORIGIN__ = DEFINED (__DATA_REGION_ORIGIN__)?__DATA_REGION_ORIGIN__:0x800200
                [0x00040000]                __TEXT_REGION_LENGTH__ = DEFINED (__TEXT_REGION_LENGTH__)?__TEXT_REGION_LENGTH__:0x100000
                [0x00008000]                __DATA_REGION_LENGTH__ = DEFINED (__DATA_REGION_LENGTH__)?__DATA_REGION_LENGTH__:0xfe00
                [0x00002000]                __EEPROM_REGION_LENGTH__ = DEFINED (__EEPROM_REGION_LENGTH__)?__EEPROM_REGION_LENGTH__:0x10000
                [0x00000003]                __FUSE_REGION_LENGTH__ = DEFINED (__FUSE_REGION_LENGTH__)?__FUSE_REGION_LENGTH__:0x400
                0x00000400                __LOCK_REGION_LENGTH__ = DEFINED (__LOCK_REGION_LENGTH__)?__LOCK_REGION_LENGTH__:0x400
                0x00000400                __SIGNATURE_REGION_LENGTH__ = DEFINED (__SIGNATURE_REGION_LENGTH__)?__SIGNATURE_REGION_LENGTH__:0x400
                0x00000400                __USER_SIGNATURE_REGION_LENGTH__ = DEFINED (__USER_SIGNATURE_REGION_LENGTH__)?__USER_SIGNATURE_REGION_LENGTH__:0x400

.hash
 *(.hash)

.dynsym
 *(.dynsym)

.dynstr
 *(.dynstr)

.gnu.version
 *(.gnu.version)

.gnu.version_d
 *(.gnu.version_d)

.gnu.version_r
 *(.gnu.version_r)

.rel.init
 *(.rel.init)

.rela.init
 *(.rela.init)

.rel.text
 *(.rel.text)
 *(.rel.text.*)
 *(.rel.gnu.linkonce.t*)

.rela.text
 *(.rela.text)
 *(.rela.text.*)
 *(.rela.gnu.linkonce.t*)

.rel.fini
 *(.rel.fini)

.rela.fini
 *(.rela.fini)

.rel.rodata
 *(.rel.rodata)
 *(.rel.rodata.*)
 *(.rel.gnu.linkonce.r*)

.rela.rodata
 *(.rela.rodata)
 *(.rela.rodata.*)
 *(.rela.gnu.linkonce.r*)

.rel.data
 *(.rel.data)
 *(.rel.data.*)
 *(.rel.gnu.linkonce.d*)

.rela.data
 *(.rela.data)
 *(.rela.data.*)
 *(.rela.gnu.linkonce.d*)

.rel.ctors
 *(.rel.ctors)

.rela.ctors
 *(.rela.ctors)

.rel.dtors
 *(.rel.dtors)

.rela.dtors
 *(.rela.dtors)

.rel.got
 *(.rel.got)

.rela.got
 *(.rela.got)

.rel.bss
 *(.rel.bss)

.rela.bss
 *(.rela.bss)

.rel.plt
 *(.rel.plt)

.rela.plt
 *(.rela.plt)

.text           0x00000000     0x2d2c
 *(.vectors)
 .vectors       0x00000000      0x134 c:/apps/atmel/studio/7.0/toolchain/avr8/avr8-gnu-toolchain/bin/../lib/gcc/avr/5.4.0/../../../../avr/lib/avr6/crtatmega256rfr2.o
                0x00000000                __vector_default
                0x00000000                __vectors
 *(.vectors)
 *(.progmem.gcc*)
                0x00000134                . = ALIGN (0x2)
                0x00000134                __trampolines_start = .
 *(.trampolines)
 .trampolines   0x00000134        0x0 linker stubs
 *(.trampolines*)
                0x00000134                __trampolines_end = .
 *libprintf_flt.a:*(.progmem.data)
 *libc.a:*(.progmem.data)
 .progmem.data  0x00000134       0xfa c:/apps/atmel/studio/7.0/toolchain/avr8/avr8-gnu-toolchain/bin/../lib/gcc/avr/5.4.0/../../../../avr/lib/avr6\libc.a(ftoa_engine.o)
 *(.progmem*)
                0x0000022e                . = ALIGN (0x2)
 *(.jumptables)
 *(.jumptables*)
 *(.lowtext)
 *(.lowtext*)
                0x0000022e                __ctors_start = .
 *(.ctors)
                0x0000022e                __ctors_end = .
                0x0000022e                __dtors_start = .
 *(.dtors)
                0x0000022e                __dtors_end = .
 SORT(*)(.ctors)
 SORT(*)(.dtors)
 *(.init0)
 .init0         0x0000022e        0x0 c:/apps/atmel/studio/7.0/toolchain/avr8/avr8-gnu-toolchain/bin/../lib/gcc/avr/5.4.0/../../../../avr/lib/avr6/crtatmega256rfr2.o
                0x0000022e                __init
 *(.init0)
 *(.init1)
 *(.init1)
 *(.init2)
 .init2         0x0000022e       0x10 c:/apps/atmel/studio/7.0/toolchain/avr8/avr8-gnu-toolchain/bin/../lib/gcc/avr/5.4.0/../../../../avr/lib/avr6/crtatmega256rfr2.o
 *(.init2)
 *(.init3)
 *(.init3)
 *(.init4)
 .init4         0x0000023e       0x1a c:/apps/atmel/studio/7.0/toolchain/avr8/avr8-gnu-toolchain/bin/../lib/gcc/avr/5.4.0/avr6\libgcc.a(_copy_data.o)
                0x0000023e                __do_copy_data
 .init4         0x00000258       0x10 c:/apps/atmel/studio/7.0/toolchain/avr8/avr8-gnu-toolchain/bin/../lib/gcc/avr/5.4.0/avr6\libgcc.a(_clear_bss.o)
                0x00000258                __do_clear_bss
 *(.init4)
 *(.init5)
 *(.init5)
 *(.init6)
 *(.init6)
 *(.init7)
 *(.init7)
 *(.init8)
 *(.init8)
 *(.init9)
 .init9         0x00000268        0x6 c:/apps/atmel/studio/7.0/toolchain/avr8/avr8-gnu-toolchain/bin/../lib/gcc/avr/5.4.0/../../../../avr/lib/avr6/crtatmega256rfr2.o
 *(.init9)
 *(.text)
 .text          0x0000026e        0x2 c:/apps/atmel/studio/7.0/toolchain/avr8/avr8-gnu-toolchain/bin/../lib/gcc/avr/5.4.0/../../../../avr/lib/avr6/crtatmega256rfr2.o
                0x0000026e                __vector_38
                0x0000026e                __vector_22
                0x0000026e                __vector_63
                0x0000026e                __vector_28
                0x0000026e                __vector_67
                0x0000026e                __vector_1
                0x0000026e                __vector_32
                0x0000026e                __vector_75
                0x0000026e                __vector_71
                0x0000026e                __vector_34
                0x0000026e                __vector_62
                0x0000026e                __vector_24
                0x0000026e                __vector_12
                0x0000026e                __vector_55
                0x0000026e                __vector_69
                0x0000026e                __vector_46
                0x0000026e                __bad_interrupt
                0x0000026e                __vector_72
                0x0000026e                __vector_6
                0x0000026e                __vector_31
                0x0000026e                __vector_35
                0x0000026e                __vector_74
                0x0000026e                __vector_39
                0x0000026e                __vector_3
                0x0000026e                __vector_23
                0x0000026e                __vector_68
                0x0000026e                __vector_30
                0x0000026e                __vector_73
                0x0000026e                __vector_45
                0x0000026e                __vector_25
                0x0000026e                __vector_61
                0x0000026e                __vector_11
                0x0000026e                __vector_54
                0x0000026e                __vector_17
                0x0000026e                __vector_19
                0x0000026e                __vector_56
                0x0000026e                __vector_7
                0x0000026e                __vector_49
                0x0000026e                __vector_41
                0x0000026e                __vector_64
                0x0000026e                __vector_43
                0x0000026e                __vector_27
                0x0000026e                __vector_5
                0x0000026e                __vector_33
                0x0000026e                __vector_76
                0x0000026e                __vector_47
                0x0000026e                __vector_52
                0x0000026e                __vector_4
                0x0000026e                __vector_44
                0x0000026e                __vector_51
                0x0000026e                __vector_9
                0x0000026e                __vector_2
                0x0000026e                __vector_21
                0x0000026e                __vector_15
                0x0000026e                __vector_66
                0x0000026e                __vector_58
                0x0000026e                __vector_70
                0x0000026e                __vector_29
                0x0000026e                __vector_60
                0x0000026e                __vector_40
                0x0000026e                __vector_8
                0x0000026e                __vector_26
                0x0000026e                __vector_48
                0x0000026e                __vector_14
                0x0000026e                __vector_57
                0x0000026e                __vector_53
                0x0000026e                __vector_10
                0x0000026e                __vector_50
                0x0000026e                __vector_16
                0x0000026e                __vector_59
                0x0000026e                __vector_18
                0x0000026e                __vector_20
                0x0000026e                __vector_65
                0x00000270                . = ALIGN (0x2)
 *(.text.*)
 .text.ADC_Init
                0x00000270       0x40 adc.o
                0x00000270                ADC_Init
 .text.ADC_get  0x000002b0       0x60 adc.o
                0x000002b0                ADC_get
 .text.ADC_stop
                0x00000310        0xc adc.o
                0x00000310                ADC_stop
 .text.appDataConf
                0x0000031c        0x6 main.o
 .text.uart_putchar
                0x00000322        0xa main.o
                0x00000322                uart_putchar
 .text.appInit  0x0000032c       0x22 main.o
                0x0000032c                appInit
 .text.board_init
                0x0000034e       0x16 main.o
                0x0000034e                board_init
 .text.print_menu
                0x00000364       0x2a main.o
                0x00000364                print_menu
 .text.sendLwmMessage
                0x0000038e       0x90 main.o
                0x0000038e                sendLwmMessage
 .text.main     0x0000041e      0x2b0 main.o
                0x0000041e                main
 .text.HAL_Init
                0x000006ce       0x28 stack/hal/atmega256rfr2/src/hal.o
                0x000006ce                HAL_Init
 .text.HAL_TimerInit
                0x000006f6       0x2a stack/hal/atmega256rfr2/src/halTimer.o
                0x000006f6                HAL_TimerInit
 .text.__vector_42
                0x00000720       0x22 stack/hal/atmega256rfr2/src/halTimer.o
                0x00000720                __vector_42
 .text.__vector_13
                0x00000742       0x1e stack/hal/drivers/atmega256rfr2/src/halSleep.o
                0x00000742                __vector_13
 .text.__vector_37
                0x00000760       0x38 stack/hal/drivers/atmega256rfr2/src/halUart.o
                0x00000760                __vector_37
 .text.__vector_36
                0x00000798       0xae stack/hal/drivers/atmega256rfr2/src/halUart.o
                0x00000798                __vector_36
 .text.NWK_Init
                0x00000846       0x2e stack/nwk/src/nwk.o
                0x00000846                NWK_Init
 .text.NWK_SetAddr
                0x00000874        0xe stack/nwk/src/nwk.o
                0x00000874                NWK_SetAddr
 .text.NWK_SetPanId
                0x00000882        0xe stack/nwk/src/nwk.o
                0x00000882                NWK_SetPanId
 .text.NWK_OpenEndpoint
                0x00000890       0x12 stack/nwk/src/nwk.o
                0x00000890                NWK_OpenEndpoint
 .text.NWK_TaskHandler
                0x000008a2        0x8 stack/nwk/src/nwk.o
                0x000008a2                NWK_TaskHandler
 .text.nwkDataReqTxConf
                0x000008aa       0x46 stack/nwk/src/nwkDataReq.o
 .text.nwkDataReqInit
                0x000008f0        0xa stack/nwk/src/nwkDataReq.o
                0x000008f0                nwkDataReqInit
 .text.NWK_DataReq
                0x000008fa       0x48 stack/nwk/src/nwkDataReq.o
                0x000008fa                NWK_DataReq
 .text.nwkDataReqTaskHandler
                0x00000942      0x146 stack/nwk/src/nwkDataReq.o
                0x00000942                nwkDataReqTaskHandler
 .text.nwkFrameInit
                0x00000a88       0x16 stack/nwk/src/nwkFrame.o
                0x00000a88                nwkFrameInit
 .text.nwkFrameAlloc
                0x00000a9e       0x72 stack/nwk/src/nwkFrame.o
                0x00000a9e                nwkFrameAlloc
 .text.nwkFrameFree
                0x00000b10       0x14 stack/nwk/src/nwkFrame.o
                0x00000b10                nwkFrameFree
 .text.nwkFrameNext
                0x00000b24       0x4a stack/nwk/src/nwkFrame.o
                0x00000b24                nwkFrameNext
 .text.nwkFrameCommandInit
                0x00000b6e       0x28 stack/nwk/src/nwkFrame.o
                0x00000b6e                nwkFrameCommandInit
 .text.nwkRouteInit
                0x00000b96       0x40 stack/nwk/src/nwkRoute.o
                0x00000b96                nwkRouteInit
 .text.NWK_RouteFindEntry
                0x00000bd6       0x64 stack/nwk/src/nwkRoute.o
                0x00000bd6                NWK_RouteFindEntry
 .text.NWK_RouteNewEntry
                0x00000c3a       0x44 stack/nwk/src/nwkRoute.o
                0x00000c3a                NWK_RouteNewEntry
 .text.NWK_RouteFreeEntry
                0x00000c7e       0x14 stack/nwk/src/nwkRoute.o
                0x00000c7e                NWK_RouteFreeEntry
 .text.NWK_RouteNextHop
                0x00000c92       0x14 stack/nwk/src/nwkRoute.o
                0x00000c92                NWK_RouteNextHop
 .text.nwkRouteRemove
                0x00000ca6        0xa stack/nwk/src/nwkRoute.o
                0x00000ca6                nwkRouteRemove
 .text.nwkRouteFrameReceived
                0x00000cb0       0x9e stack/nwk/src/nwkRoute.o
                0x00000cb0                nwkRouteFrameReceived
 .text.nwkRouteFrameSent
                0x00000d4e       0x8e stack/nwk/src/nwkRoute.o
                0x00000d4e                nwkRouteFrameSent
 .text.nwkRoutePrepareTx
                0x00000ddc       0x3e stack/nwk/src/nwkRoute.o
                0x00000ddc                nwkRoutePrepareTx
 .text.nwkRouteFrame
                0x00000e1a       0x98 stack/nwk/src/nwkRoute.o
                0x00000e1a                nwkRouteFrame
 .text.nwkRouteErrorReceived
                0x00000eb2       0x1e stack/nwk/src/nwkRoute.o
                0x00000eb2                nwkRouteErrorReceived
 .text.nwkRxServiceDataInd
                0x00000ed0       0x30 stack/nwk/src/nwkRx.o
 .text.nwkRxDuplicateRejectionTimerHandler
                0x00000f00       0x2c stack/nwk/src/nwkRx.o
 .text.nwkRxInit
                0x00000f2c       0x3a stack/nwk/src/nwkRx.o
                0x00000f2c                nwkRxInit
 .text.PHY_DataInd
                0x00000f66       0x56 stack/nwk/src/nwkRx.o
                0x00000f66                PHY_DataInd
 .text.nwkRxTaskHandler
                0x00000fbc      0x478 stack/nwk/src/nwkRx.o
                0x00000fbc                nwkRxTaskHandler
 .text.nwkTxDelayTimerHandler
                0x00001434       0x58 stack/nwk/src/nwkTx.o
 .text.nwkTxAckWaitTimerHandler
                0x0000148c       0x64 stack/nwk/src/nwkTx.o
 .text.nwkTxInit
                0x000014f0       0x46 stack/nwk/src/nwkTx.o
                0x000014f0                nwkTxInit
 .text.nwkTxFrame
                0x00001536       0x9c stack/nwk/src/nwkTx.o
                0x00001536                nwkTxFrame
 .text.nwkTxBroadcastFrame
                0x000015d2       0x86 stack/nwk/src/nwkTx.o
                0x000015d2                nwkTxBroadcastFrame
 .text.nwkTxAckReceived
                0x00001658       0x4a stack/nwk/src/nwkTx.o
                0x00001658                nwkTxAckReceived
 .text.PHY_DataConf
                0x000016a2       0x46 stack/nwk/src/nwkTx.o
                0x000016a2                PHY_DataConf
 .text.nwkTxTaskHandler
                0x000016e8      0x136 stack/nwk/src/nwkTx.o
                0x000016e8                nwkTxTaskHandler
 .text.phySetChannel
                0x0000181e       0x3c stack/phy/atmega256rfr2/src/phy.o
 .text.phyTrxSetState
                0x0000185a       0x24 stack/phy/atmega256rfr2/src/phy.o
 .text.phySetRxState
                0x0000187e       0x18 stack/phy/atmega256rfr2/src/phy.o
 .text.PHY_Init
                0x00001896       0x2e stack/phy/atmega256rfr2/src/phy.o
                0x00001896                PHY_Init
 .text.PHY_SetRxState
                0x000018c4        0x8 stack/phy/atmega256rfr2/src/phy.o
                0x000018c4                PHY_SetRxState
 .text.PHY_SetChannel
                0x000018cc        0x8 stack/phy/atmega256rfr2/src/phy.o
                0x000018cc                PHY_SetChannel
 .text.PHY_SetPanId
                0x000018d4       0x24 stack/phy/atmega256rfr2/src/phy.o
                0x000018d4                PHY_SetPanId
 .text.PHY_SetShortAddr
                0x000018f8       0x2e stack/phy/atmega256rfr2/src/phy.o
                0x000018f8                PHY_SetShortAddr
 .text.PHY_DataReq
                0x00001926       0x52 stack/phy/atmega256rfr2/src/phy.o
                0x00001926                PHY_DataReq
 .text.PHY_TaskHandler
                0x00001978       0xf6 stack/phy/atmega256rfr2/src/phy.o
                0x00001978                PHY_TaskHandler
 .text.SYS_Init
                0x00001a6e        0xe stack/sys/src/sys.o
                0x00001a6e                SYS_Init
 .text.SYS_TaskHandler
                0x00001a7c        0xa stack/sys/src/sys.o
                0x00001a7c                SYS_TaskHandler
 .text.placeTimer
                0x00001a86       0xc8 stack/sys/src/sysTimer.o
 .text.SYS_TimerInit
                0x00001b4e        0xa stack/sys/src/sysTimer.o
                0x00001b4e                SYS_TimerInit
 .text.SYS_TimerStarted
                0x00001b58       0x34 stack/sys/src/sysTimer.o
                0x00001b58                SYS_TimerStarted
 .text.SYS_TimerStart
                0x00001b8c       0x16 stack/sys/src/sysTimer.o
                0x00001b8c                SYS_TimerStart
 .text.SYS_TimerTaskHandler
                0x00001ba2       0xd6 stack/sys/src/sysTimer.o
                0x00001ba2                SYS_TimerTaskHandler
 .text.UART_init
                0x00001c78       0x2a uart.o
                0x00001c78                UART_init
 .text.UART_SendChar
                0x00001ca2       0x10 uart.o
                0x00001ca2                UART_SendChar
 .text.UART_SendString
                0x00001cb2       0x1c uart.o
                0x00001cb2                UART_SendString
 .text.UART_GetChar
                0x00001cce       0x10 uart.o
                0x00001cce                UART_GetChar
 .text.avr-libc.fplib
                0x00001cde        0xa c:/apps/atmel/studio/7.0/toolchain/avr8/avr8-gnu-toolchain/bin/../lib/gcc/avr/5.4.0/../../../../avr/lib/avr6\libm.a(addsf3.o)
                0x00001cde                __subsf3
                0x00001ce0                __addsf3
 .text.avr-libc.fplib
                0x00001ce8       0xc0 c:/apps/atmel/studio/7.0/toolchain/avr8/avr8-gnu-toolchain/bin/../lib/gcc/avr/5.4.0/../../../../avr/lib/avr6\libm.a(addsf3x.o)
                0x00001d02                __addsf3x
 .text.avr-libc.fplib
                0x00001da8        0x4 c:/apps/atmel/studio/7.0/toolchain/avr8/avr8-gnu-toolchain/bin/../lib/gcc/avr/5.4.0/../../../../avr/lib/avr6\libm.a(divsf3.o)
                0x00001da8                __divsf3
 .text.avr-libc.fplib
                0x00001dac       0xcc c:/apps/atmel/studio/7.0/toolchain/avr8/avr8-gnu-toolchain/bin/../lib/gcc/avr/5.4.0/../../../../avr/lib/avr6\libm.a(divsf3x.o)
                0x00001dc2                __divsf3x
                0x00001dc6                __divsf3_pse
 .text.avr-libc.fplib
                0x00001e78       0x7a c:/apps/atmel/studio/7.0/toolchain/avr8/avr8-gnu-toolchain/bin/../lib/gcc/avr/5.4.0/../../../../avr/lib/avr6\libm.a(floatsisf.o)
                0x00001e78                __floatunsisf
                0x00001e7c                __floatsisf
 .text.avr-libc.fplib
                0x00001ef2        0xc c:/apps/atmel/studio/7.0/toolchain/avr8/avr8-gnu-toolchain/bin/../lib/gcc/avr/5.4.0/../../../../avr/lib/avr6\libm.a(fp_inf.o)
                0x00001ef2                __fp_inf
 .text.avr-libc.fplib
                0x00001efe        0x6 c:/apps/atmel/studio/7.0/toolchain/avr8/avr8-gnu-toolchain/bin/../lib/gcc/avr/5.4.0/../../../../avr/lib/avr6\libm.a(fp_nan.o)
                0x00001efe                __fp_nan
 .text.avr-libc.fplib
                0x00001f04        0xe c:/apps/atmel/studio/7.0/toolchain/avr8/avr8-gnu-toolchain/bin/../lib/gcc/avr/5.4.0/../../../../avr/lib/avr6\libm.a(fp_pscA.o)
                0x00001f04                __fp_pscA
 .text.avr-libc.fplib
                0x00001f12        0xe c:/apps/atmel/studio/7.0/toolchain/avr8/avr8-gnu-toolchain/bin/../lib/gcc/avr/5.4.0/../../../../avr/lib/avr6\libm.a(fp_pscB.o)
                0x00001f12                __fp_pscB
 .text.avr-libc.fplib
                0x00001f20       0x22 c:/apps/atmel/studio/7.0/toolchain/avr8/avr8-gnu-toolchain/bin/../lib/gcc/avr/5.4.0/../../../../avr/lib/avr6\libm.a(fp_round.o)
                0x00001f20                __fp_round
 .text.avr-libc.fplib
                0x00001f42       0x44 c:/apps/atmel/studio/7.0/toolchain/avr8/avr8-gnu-toolchain/bin/../lib/gcc/avr/5.4.0/../../../../avr/lib/avr6\libm.a(fp_split3.o)
                0x00001f42                __fp_split3
                0x00001f52                __fp_splitA
 .text.avr-libc.fplib
                0x00001f86        0xe c:/apps/atmel/studio/7.0/toolchain/avr8/avr8-gnu-toolchain/bin/../lib/gcc/avr/5.4.0/../../../../avr/lib/avr6\libm.a(fp_zero.o)
                0x00001f86                __fp_zero
                0x00001f88                __fp_szero
 .text.avr-libc.fplib
                0x00001f94        0x8 c:/apps/atmel/studio/7.0/toolchain/avr8/avr8-gnu-toolchain/bin/../lib/gcc/avr/5.4.0/../../../../avr/lib/avr6\libm.a(gesf2.o)
                0x00001f94                __gesf2
                0x00001f94                __gtsf2
 .text.avr-libc.fplib
                0x00001f9c        0x4 c:/apps/atmel/studio/7.0/toolchain/avr8/avr8-gnu-toolchain/bin/../lib/gcc/avr/5.4.0/../../../../avr/lib/avr6\libm.a(mulsf3.o)
                0x00001f9c                __mulsf3
 .text.avr-libc.fplib
                0x00001fa0       0xc2 c:/apps/atmel/studio/7.0/toolchain/avr8/avr8-gnu-toolchain/bin/../lib/gcc/avr/5.4.0/../../../../avr/lib/avr6\libm.a(mulsf3x.o)
                0x00001fb4                __mulsf3x
                0x00001fb8                __mulsf3_pse
 .text.avr-libc.fplib
                0x00002062       0x48 c:/apps/atmel/studio/7.0/toolchain/avr8/avr8-gnu-toolchain/bin/../lib/gcc/avr/5.4.0/../../../../avr/lib/avr6\libm.a(fp_cmp.o)
                0x00002062                __fp_cmp
 .text.libgcc.div
                0x000020aa       0x44 c:/apps/atmel/studio/7.0/toolchain/avr8/avr8-gnu-toolchain/bin/../lib/gcc/avr/5.4.0/avr6\libgcc.a(_udivmodsi4.o)
                0x000020aa                __udivmodsi4
 .text.avr-libc
                0x000020ee       0x3e c:/apps/atmel/studio/7.0/toolchain/avr8/avr8-gnu-toolchain/bin/../lib/gcc/avr/5.4.0/../../../../avr/lib/avr6\libc.a(dtostrf.o)
                0x000020ee                dtostrf
 .text.avr-libc
                0x0000212c       0xaa c:/apps/atmel/studio/7.0/toolchain/avr8/avr8-gnu-toolchain/bin/../lib/gcc/avr/5.4.0/../../../../avr/lib/avr6\libc.a(rand.o)
                0x000021b8                rand_r
                0x000021ba                rand
                0x000021c0                srand
 .text.avr-libc
                0x000021d6       0x12 c:/apps/atmel/studio/7.0/toolchain/avr8/avr8-gnu-toolchain/bin/../lib/gcc/avr/5.4.0/../../../../avr/lib/avr6\libc.a(memcpy.o)
                0x000021d6                memcpy
 .text.avr-libc
                0x000021e8       0x78 c:/apps/atmel/studio/7.0/toolchain/avr8/avr8-gnu-toolchain/bin/../lib/gcc/avr/5.4.0/../../../../avr/lib/avr6\libc.a(snprintf.o)
                0x000021e8                snprintf
 .text.avr-libc
                0x00002260       0x5c c:/apps/atmel/studio/7.0/toolchain/avr8/avr8-gnu-toolchain/bin/../lib/gcc/avr/5.4.0/../../../../avr/lib/avr6\libc.a(sprintf.o)
                0x00002260                sprintf
 .text.avr-libc
                0x000022bc      0x3fa c:/apps/atmel/studio/7.0/toolchain/avr8/avr8-gnu-toolchain/bin/../lib/gcc/avr/5.4.0/../../../../avr/lib/avr6\libc.a(vfprintf_std.o)
                0x000022bc                vfprintf
 .text.avr-libc
                0x000026b6      0x2ec c:/apps/atmel/studio/7.0/toolchain/avr8/avr8-gnu-toolchain/bin/../lib/gcc/avr/5.4.0/../../../../avr/lib/avr6\libc.a(dtoa_prf.o)
                0x000026b6                dtoa_prf
 .text.avr-libc
                0x000029a2      0x1b0 c:/apps/atmel/studio/7.0/toolchain/avr8/avr8-gnu-toolchain/bin/../lib/gcc/avr/5.4.0/../../../../avr/lib/avr6\libc.a(ftoa_engine.o)
                0x000029a2                __ftoa_engine
 .text.avr-libc
                0x00002b52       0x16 c:/apps/atmel/studio/7.0/toolchain/avr8/avr8-gnu-toolchain/bin/../lib/gcc/avr/5.4.0/../../../../avr/lib/avr6\libc.a(strnlen_P.o)
                0x00002b52                strnlen_P
 .text.avr-libc
                0x00002b68       0x16 c:/apps/atmel/studio/7.0/toolchain/avr8/avr8-gnu-toolchain/bin/../lib/gcc/avr/5.4.0/../../../../avr/lib/avr6\libc.a(strnlen.o)
                0x00002b68                strnlen
 .text.avr-libc
                0x00002b7e       0x78 c:/apps/atmel/studio/7.0/toolchain/avr8/avr8-gnu-toolchain/bin/../lib/gcc/avr/5.4.0/../../../../avr/lib/avr6\libc.a(fputc.o)
                0x00002b7e                fputc
 .text.avr-libc
                0x00002bf6       0xbc c:/apps/atmel/studio/7.0/toolchain/avr8/avr8-gnu-toolchain/bin/../lib/gcc/avr/5.4.0/../../../../avr/lib/avr6\libc.a(ultoa_invert.o)
                0x00002bf6                __ultoa_invert
 .text.libgcc.div
                0x00002cb2       0x28 c:/apps/atmel/studio/7.0/toolchain/avr8/avr8-gnu-toolchain/bin/../lib/gcc/avr/5.4.0/avr6\libgcc.a(_divmodsi4.o)
                0x00002cb2                __divmodsi4
 .text.libgcc.div
                0x00002cda       0x10 c:/apps/atmel/studio/7.0/toolchain/avr8/avr8-gnu-toolchain/bin/../lib/gcc/avr/5.4.0/avr6\libgcc.a(_negsi2.o)
                0x00002cda                __negsi2
 .text.libgcc.mul
                0x00002cea       0x14 c:/apps/atmel/studio/7.0/toolchain/avr8/avr8-gnu-toolchain/bin/../lib/gcc/avr/5.4.0/avr6\libgcc.a(_muluhisi3.o)
                0x00002cea                __muluhisi3
 .text.libgcc.mul
                0x00002cfe        0xc c:/apps/atmel/studio/7.0/toolchain/avr8/avr8-gnu-toolchain/bin/../lib/gcc/avr/5.4.0/avr6\libgcc.a(_mulshisi3.o)
                0x00002cfe                __mulshisi3
                0x00002d02                __mulohisi3
 .text.libgcc.mul
                0x00002d0a       0x1e c:/apps/atmel/studio/7.0/toolchain/avr8/avr8-gnu-toolchain/bin/../lib/gcc/avr/5.4.0/avr6\libgcc.a(_umulhisi3.o)
                0x00002d0a                __umulhisi3
                0x00002d28                . = ALIGN (0x2)
 *(.fini9)
 .fini9         0x00002d28        0x0 c:/apps/atmel/studio/7.0/toolchain/avr8/avr8-gnu-toolchain/bin/../lib/gcc/avr/5.4.0/avr6\libgcc.a(_exit.o)
                0x00002d28                _exit
                0x00002d28                exit
 *(.fini9)
 *(.fini8)
 *(.fini8)
 *(.fini7)
 *(.fini7)
 *(.fini6)
 *(.fini6)
 *(.fini5)
 *(.fini5)
 *(.fini4)
 *(.fini4)
 *(.fini3)
 *(.fini3)
 *(.fini2)
 *(.fini2)
 *(.fini1)
 *(.fini1)
 *(.fini0)
 .fini0         0x00002d28        0x4 c:/apps/atmel/studio/7.0/toolchain/avr8/avr8-gnu-toolchain/bin/../lib/gcc/avr/5.4.0/avr6\libgcc.a(_exit.o)
 *(.fini0)
                0x00002d2c                _etext = .

.data           0x00800200      0x1bc load address 0x00002d2c
                0x00800200                PROVIDE (__data_start, .)
 *(.data)
 .data          0x00800200        0x4 c:/apps/atmel/studio/7.0/toolchain/avr8/avr8-gnu-toolchain/bin/../lib/gcc/avr/5.4.0/../../../../avr/lib/avr6\libc.a(rand.o)
 *(.data*)
 .data.uart_str
                0x00800204        0xe main.o
                0x00800204                uart_str
 *(.gnu.linkonce.d*)
 *(.rodata)
 *(.rodata*)
 .rodata.str1.1
                0x00800212      0x1a9 main.o
 *(.gnu.linkonce.r*)
                0x008003bc                . = ALIGN (0x2)
 *fill*         0x008003bb        0x1 
                0x008003bc                _edata = .
                0x008003bc                PROVIDE (__data_end, .)

.bss            0x008003bc     0x14a9
                0x008003bc                PROVIDE (__bss_start, .)
 *(.bss)
 *(.bss*)
 .bss.appDataReqBuffer
                0x008003bc       0x6d main.o
 .bss.appDataReqBusy
                0x00800429        0x1 main.o
 .bss.appDataReq
                0x0080042a       0x11 main.o
 .bss.halSleepTimerEvent
                0x0080043b        0x1 stack/hal/drivers/atmega256rfr2/src/halSleep.o
 .bss.newData   0x0080043c        0x1 stack/hal/drivers/atmega256rfr2/src/halUart.o
 .bss.udrEmpty  0x0080043d        0x1 stack/hal/drivers/atmega256rfr2/src/halUart.o
 .bss.rxFifo    0x0080043e        0xa stack/hal/drivers/atmega256rfr2/src/halUart.o
 .bss.nwkDataReqQueue
                0x00800448        0x2 stack/nwk/src/nwkDataReq.o
 .bss.nwkFrameFrames
                0x0080044a     0x100e stack/nwk/src/nwkFrame.o
 .bss.nwkRouteTable
                0x00801458      0x2bc stack/nwk/src/nwkRoute.o
 .bss.nwkRxDuplicateRejectionTimer
                0x00801714        0xd stack/nwk/src/nwkRx.o
 .bss.nwkRxAckControl
                0x00801721        0x1 stack/nwk/src/nwkRx.o
 .bss.nwkRxDuplicateRejectionTable
                0x00801722       0x32 stack/nwk/src/nwkRx.o
 .bss.nwkTxDelayTimer
                0x00801754        0xd stack/nwk/src/nwkTx.o
 .bss.nwkTxAckWaitTimer
                0x00801761        0xd stack/nwk/src/nwkTx.o
 .bss.nwkTxPhyActiveFrame
                0x0080176e        0x2 stack/nwk/src/nwkTx.o
 .bss.phyBand   0x00801770        0x1 stack/phy/atmega256rfr2/src/phy.o
 .bss.phyChannel
                0x00801771        0x1 stack/phy/atmega256rfr2/src/phy.o
 .bss.phyRxState
                0x00801772        0x1 stack/phy/atmega256rfr2/src/phy.o
 .bss.phyRxBuffer
                0x00801773       0x80 stack/phy/atmega256rfr2/src/phy.o
 .bss.phyState  0x008017f3        0x1 stack/phy/atmega256rfr2/src/phy.o
 .bss.timers    0x008017f4        0x2 stack/sys/src/sysTimer.o
 *(COMMON)
 COMMON         0x008017f6       0x40 main.o
                0x008017f6                buffer
 COMMON         0x00801836        0x1 stack/hal/atmega256rfr2/src/halTimer.o
                0x00801836                halTimerIrqCount
 COMMON         0x00801837       0x28 stack/nwk/src/nwk.o
                0x00801837                nwkIb
 COMMON         0x0080185f        0x6 c:/apps/atmel/studio/7.0/toolchain/avr8/avr8-gnu-toolchain/bin/../lib/gcc/avr/5.4.0/../../../../avr/lib/avr6\libc.a(iob.o)
                0x0080185f                __iob
                0x00801865                PROVIDE (__bss_end, .)
                0x00002d2c                __data_load_start = LOADADDR (.data)
                0x00002ee8                __data_load_end = (__data_load_start + SIZEOF (.data))

.noinit         0x00801865        0x0
                [!provide]                PROVIDE (__noinit_start, .)
 *(.noinit*)
                [!provide]                PROVIDE (__noinit_end, .)
                0x00801865                _end = .
                [!provide]                PROVIDE (__heap_start, .)

.eeprom         0x00810000        0x0
 *(.eeprom*)
                0x00810000                __eeprom_end = .

.fuse
 *(.fuse)
 *(.lfuse)
 *(.hfuse)
 *(.efuse)

.lock
 *(.lock*)

.signature
 *(.signature*)

.user_signatures
 *(.user_signatures*)

.stab
 *(.stab)

.stabstr
 *(.stabstr)

.stab.excl
 *(.stab.excl)

.stab.exclstr
 *(.stab.exclstr)

.stab.index
 *(.stab.index)

.stab.indexstr
 *(.stab.indexstr)

.comment        0x00000000       0x5c
 *(.comment)
 .comment       0x00000000       0x30 adc.o
                                 0x31 (size before relaxing)
 .comment       0x00000030       0x31 main.o
 .comment       0x00000030       0x31 stack/hal/atmega256rfr2/src/hal.o
 .comment       0x00000030       0x31 stack/hal/atmega256rfr2/src/halTimer.o
 .comment       0x00000030       0x31 stack/hal/drivers/atmega256rfr2/src/halSleep.o
 .comment       0x00000030       0x31 stack/hal/drivers/atmega256rfr2/src/halUart.o
 .comment       0x00000030       0x31 stack/nwk/src/nwk.o
 .comment       0x00000030       0x31 stack/nwk/src/nwkDataReq.o
 .comment       0x00000030       0x31 stack/nwk/src/nwkFrame.o
 .comment       0x00000030       0x31 stack/nwk/src/nwkRoute.o
 .comment       0x00000030       0x31 stack/nwk/src/nwkRx.o
 .comment       0x00000030       0x31 stack/nwk/src/nwkTx.o
 .comment       0x00000030       0x31 stack/phy/atmega256rfr2/src/phy.o
 .comment       0x00000030       0x31 stack/sys/src/sys.o
 .comment       0x00000030       0x31 stack/sys/src/sysTimer.o
 .comment       0x00000030       0x31 uart.o
 .comment       0x00000030       0x31 c:/apps/atmel/studio/7.0/toolchain/avr8/avr8-gnu-toolchain/bin/../lib/gcc/avr/5.4.0/../../../../avr/lib/avr6\libc.a(dtostrf.o)
 .comment       0x00000030       0x31 c:/apps/atmel/studio/7.0/toolchain/avr8/avr8-gnu-toolchain/bin/../lib/gcc/avr/5.4.0/../../../../avr/lib/avr6\libc.a(rand.o)
 .comment       0x00000030       0x31 c:/apps/atmel/studio/7.0/toolchain/avr8/avr8-gnu-toolchain/bin/../lib/gcc/avr/5.4.0/../../../../avr/lib/avr6\libc.a(iob.o)
 .comment       0x00000030       0x31 c:/apps/atmel/studio/7.0/toolchain/avr8/avr8-gnu-toolchain/bin/../lib/gcc/avr/5.4.0/../../../../avr/lib/avr6\libc.a(snprintf.o)
 .comment       0x00000030       0x31 c:/apps/atmel/studio/7.0/toolchain/avr8/avr8-gnu-toolchain/bin/../lib/gcc/avr/5.4.0/../../../../avr/lib/avr6\libc.a(sprintf.o)
 .comment       0x00000030       0x2c c:/apps/atmel/studio/7.0/toolchain/avr8/avr8-gnu-toolchain/bin/../lib/gcc/avr/5.4.0/../../../../avr/lib/avr6\libc.a(vfprintf_std.o)
                                 0x2d (size before relaxing)
 .comment       0x0000005c       0x31 c:/apps/atmel/studio/7.0/toolchain/avr8/avr8-gnu-toolchain/bin/../lib/gcc/avr/5.4.0/../../../../avr/lib/avr6\libc.a(dtoa_prf.o)
 .comment       0x0000005c       0x31 c:/apps/atmel/studio/7.0/toolchain/avr8/avr8-gnu-toolchain/bin/../lib/gcc/avr/5.4.0/../../../../avr/lib/avr6\libc.a(fputc.o)

.note.gnu.avr.deviceinfo
                0x00000000       0x40
 .note.gnu.avr.deviceinfo
                0x00000000       0x40 c:/apps/atmel/studio/7.0/toolchain/avr8/avr8-gnu-toolchain/bin/../lib/gcc/avr/5.4.0/../../../../avr/lib/avr6/crtatmega256rfr2.o

.note.gnu.build-id
 *(.note.gnu.build-id)

.debug
 *(.debug)

.line
 *(.line)

.debug_srcinfo
 *(.debug_srcinfo)

.debug_sfnames
 *(.debug_sfnames)

.debug_aranges  0x00000000      0x490
 *(.debug_aranges)
 .debug_aranges
                0x00000000       0x30 adc.o
 .debug_aranges
                0x00000030       0x50 main.o
 .debug_aranges
                0x00000080       0x28 stack/hal/atmega256rfr2/src/hal.o
 .debug_aranges
                0x000000a8       0x30 stack/hal/atmega256rfr2/src/halTimer.o
 .debug_aranges
                0x000000d8       0x28 stack/hal/drivers/atmega256rfr2/src/halSleep.o
 .debug_aranges
                0x00000100       0x48 stack/hal/drivers/atmega256rfr2/src/halUart.o
 .debug_aranges
                0x00000148       0x70 stack/nwk/src/nwk.o
 .debug_aranges
                0x000001b8       0x38 stack/nwk/src/nwkDataReq.o
 .debug_aranges
                0x000001f0       0x40 stack/nwk/src/nwkFrame.o
 .debug_aranges
                0x00000230       0x80 stack/nwk/src/nwkRoute.o
 .debug_aranges
                0x000002b0       0x48 stack/nwk/src/nwkRx.o
 .debug_aranges
                0x000002f8       0x60 stack/nwk/src/nwkTx.o
 .debug_aranges
                0x00000358       0x88 stack/phy/atmega256rfr2/src/phy.o
 .debug_aranges
                0x000003e0       0x28 stack/sys/src/sys.o
 .debug_aranges
                0x00000408       0x48 stack/sys/src/sysTimer.o
 .debug_aranges
                0x00000450       0x40 uart.o

.debug_pubnames
 *(.debug_pubnames)

.debug_info     0x00000000     0x6844
 *(.debug_info .gnu.linkonce.wi.*)
 .debug_info    0x00000000     0x13e6 c:/apps/atmel/studio/7.0/toolchain/avr8/avr8-gnu-toolchain/bin/../lib/gcc/avr/5.4.0/../../../../avr/lib/avr6/crtatmega256rfr2.o
 .debug_info    0x000013e6      0x10b adc.o
 .debug_info    0x000014f1      0xa8e main.o
 .debug_info    0x00001f7f      0x128 stack/hal/atmega256rfr2/src/hal.o
 .debug_info    0x000020a7       0xe4 stack/hal/atmega256rfr2/src/halTimer.o
 .debug_info    0x0000218b      0x184 stack/hal/drivers/atmega256rfr2/src/halSleep.o
 .debug_info    0x0000230f      0x31a stack/hal/drivers/atmega256rfr2/src/halUart.o
 .debug_info    0x00002629      0x4ce stack/nwk/src/nwk.o
 .debug_info    0x00002af7      0x785 stack/nwk/src/nwkDataReq.o
 .debug_info    0x0000327c      0x572 stack/nwk/src/nwkFrame.o
 .debug_info    0x000037ee      0xb52 stack/nwk/src/nwkRoute.o
 .debug_info    0x00004340      0xc34 stack/nwk/src/nwkRx.o
 .debug_info    0x00004f74      0xa26 stack/nwk/src/nwkTx.o
 .debug_info    0x0000599a      0x7c4 stack/phy/atmega256rfr2/src/phy.o
 .debug_info    0x0000615e      0x140 stack/sys/src/sys.o
 .debug_info    0x0000629e      0x345 stack/sys/src/sysTimer.o
 .debug_info    0x000065e3      0x261 uart.o

.debug_abbrev   0x00000000     0x2f42
 *(.debug_abbrev)
 .debug_abbrev  0x00000000     0x12d6 c:/apps/atmel/studio/7.0/toolchain/avr8/avr8-gnu-toolchain/bin/../lib/gcc/avr/5.4.0/../../../../avr/lib/avr6/crtatmega256rfr2.o
 .debug_abbrev  0x000012d6       0xa5 adc.o
 .debug_abbrev  0x0000137b      0x2e6 main.o
 .debug_abbrev  0x00001661       0xc3 stack/hal/atmega256rfr2/src/hal.o
 .debug_abbrev  0x00001724       0xaa stack/hal/atmega256rfr2/src/halTimer.o
 .debug_abbrev  0x000017ce       0xd5 stack/hal/drivers/atmega256rfr2/src/halSleep.o
 .debug_abbrev  0x000018a3      0x16a stack/hal/drivers/atmega256rfr2/src/halUart.o
 .debug_abbrev  0x00001a0d      0x1b5 stack/nwk/src/nwk.o
 .debug_abbrev  0x00001bc2      0x27f stack/nwk/src/nwkDataReq.o
 .debug_abbrev  0x00001e41      0x183 stack/nwk/src/nwkFrame.o
 .debug_abbrev  0x00001fc4      0x332 stack/nwk/src/nwkRoute.o
 .debug_abbrev  0x000022f6      0x38a stack/nwk/src/nwkRx.o
 .debug_abbrev  0x00002680      0x30c stack/nwk/src/nwkTx.o
 .debug_abbrev  0x0000298c      0x230 stack/phy/atmega256rfr2/src/phy.o
 .debug_abbrev  0x00002bbc       0x63 stack/sys/src/sys.o
 .debug_abbrev  0x00002c1f      0x19b stack/sys/src/sysTimer.o
 .debug_abbrev  0x00002dba      0x188 uart.o

.debug_line     0x00000000     0x2996
 *(.debug_line .debug_line.* .debug_line_end)
 .debug_line    0x00000000       0x1a c:/apps/atmel/studio/7.0/toolchain/avr8/avr8-gnu-toolchain/bin/../lib/gcc/avr/5.4.0/../../../../avr/lib/avr6/crtatmega256rfr2.o
 .debug_line    0x0000001a      0x135 adc.o
 .debug_line    0x0000014f      0x3ee main.o
 .debug_line    0x0000053d      0x167 stack/hal/atmega256rfr2/src/hal.o
 .debug_line    0x000006a4      0x11e stack/hal/atmega256rfr2/src/halTimer.o
 .debug_line    0x000007c2      0x1cc stack/hal/drivers/atmega256rfr2/src/halSleep.o
 .debug_line    0x0000098e      0x2b5 stack/hal/drivers/atmega256rfr2/src/halUart.o
 .debug_line    0x00000c43      0x29c stack/nwk/src/nwk.o
 .debug_line    0x00000edf      0x23d stack/nwk/src/nwkDataReq.o
 .debug_line    0x0000111c      0x1c2 stack/nwk/src/nwkFrame.o
 .debug_line    0x000012de      0x47d stack/nwk/src/nwkRoute.o
 .debug_line    0x0000175b      0x4a5 stack/nwk/src/nwkRx.o
 .debug_line    0x00001c00      0x4bb stack/nwk/src/nwkTx.o
 .debug_line    0x000020bb      0x3cf stack/phy/atmega256rfr2/src/phy.o
 .debug_line    0x0000248a      0x108 stack/sys/src/sys.o
 .debug_line    0x00002592      0x2ab stack/sys/src/sysTimer.o
 .debug_line    0x0000283d      0x159 uart.o

.debug_frame    0x00000000      0xadc
 *(.debug_frame)
 .debug_frame   0x00000000       0x44 adc.o
 .debug_frame   0x00000044       0xfc main.o
 .debug_frame   0x00000140       0x34 stack/hal/atmega256rfr2/src/hal.o
 .debug_frame   0x00000174       0x54 stack/hal/atmega256rfr2/src/halTimer.o
 .debug_frame   0x000001c8       0x50 stack/hal/drivers/atmega256rfr2/src/halSleep.o
 .debug_frame   0x00000218       0xe4 stack/hal/drivers/atmega256rfr2/src/halUart.o
 .debug_frame   0x000002fc       0xd4 stack/nwk/src/nwk.o
 .debug_frame   0x000003d0       0x68 stack/nwk/src/nwkDataReq.o
 .debug_frame   0x00000438       0x64 stack/nwk/src/nwkFrame.o
 .debug_frame   0x0000049c      0x174 stack/nwk/src/nwkRoute.o
 .debug_frame   0x00000610       0xe0 stack/nwk/src/nwkRx.o
 .debug_frame   0x000006f0      0x144 stack/nwk/src/nwkTx.o
 .debug_frame   0x00000834      0x13c stack/phy/atmega256rfr2/src/phy.o
 .debug_frame   0x00000970       0x34 stack/sys/src/sys.o
 .debug_frame   0x000009a4       0xc0 stack/sys/src/sysTimer.o
 .debug_frame   0x00000a64       0x78 uart.o

.debug_str      0x00000000     0x2080
 *(.debug_str)
 .debug_str     0x00000000      0x7f7 c:/apps/atmel/studio/7.0/toolchain/avr8/avr8-gnu-toolchain/bin/../lib/gcc/avr/5.4.0/../../../../avr/lib/avr6/crtatmega256rfr2.o
 .debug_str     0x000007f7      0x17b adc.o
                                0x1b4 (size before relaxing)
 .debug_str     0x00000972      0x2f1 main.o
                                0x440 (size before relaxing)
 .debug_str     0x00000c63       0xb8 stack/hal/atmega256rfr2/src/hal.o
                                0x1e3 (size before relaxing)
 .debug_str     0x00000d1b       0x47 stack/hal/atmega256rfr2/src/halTimer.o
                                0x1dd (size before relaxing)
 .debug_str     0x00000d62       0xa0 stack/hal/drivers/atmega256rfr2/src/halSleep.o
                                0x228 (size before relaxing)
 .debug_str     0x00000e02       0xfb stack/hal/drivers/atmega256rfr2/src/halUart.o
                                0x2a6 (size before relaxing)
 .debug_str     0x00000efd      0x17a stack/nwk/src/nwk.o
                                0x36a (size before relaxing)
 .debug_str     0x00001077      0x2b1 stack/nwk/src/nwkDataReq.o
                                0x599 (size before relaxing)
 .debug_str     0x00001328       0x61 stack/nwk/src/nwkFrame.o
                                0x438 (size before relaxing)
 .debug_str     0x00001389      0x1fa stack/nwk/src/nwkRoute.o
                                0x642 (size before relaxing)
 .debug_str     0x00001583      0x321 stack/nwk/src/nwkRx.o
                                0x77b (size before relaxing)
 .debug_str     0x000018a4      0x1c7 stack/nwk/src/nwkTx.o
                                0x70b (size before relaxing)
 .debug_str     0x00001a6b      0x518 stack/phy/atmega256rfr2/src/phy.o
                                0x7aa (size before relaxing)
 .debug_str     0x00001f83       0x3a stack/sys/src/sys.o
                                0x205 (size before relaxing)
 .debug_str     0x00001fbd       0x55 stack/sys/src/sysTimer.o
                                0x29a (size before relaxing)
 .debug_str     0x00002012       0x6e uart.o
                                0x202 (size before relaxing)

.debug_loc      0x00000000     0x28a8
 *(.debug_loc)
 .debug_loc     0x00000000       0xaf adc.o
 .debug_loc     0x000000af      0x3e6 main.o
 .debug_loc     0x00000495       0x21 stack/hal/atmega256rfr2/src/hal.o
 .debug_loc     0x000004b6       0x62 stack/hal/atmega256rfr2/src/halTimer.o
 .debug_loc     0x00000518      0x179 stack/hal/drivers/atmega256rfr2/src/halSleep.o
 .debug_loc     0x00000691      0x212 stack/hal/drivers/atmega256rfr2/src/halUart.o
 .debug_loc     0x000008a3      0x14d stack/nwk/src/nwk.o
 .debug_loc     0x000009f0      0x137 stack/nwk/src/nwkDataReq.o
 .debug_loc     0x00000b27       0xe2 stack/nwk/src/nwkFrame.o
 .debug_loc     0x00000c09      0x875 stack/nwk/src/nwkRoute.o
 .debug_loc     0x0000147e      0x543 stack/nwk/src/nwkRx.o
 .debug_loc     0x000019c1      0x691 stack/nwk/src/nwkTx.o
 .debug_loc     0x00002052      0x32a stack/phy/atmega256rfr2/src/phy.o
 .debug_loc     0x0000237c      0x42e stack/sys/src/sysTimer.o
 .debug_loc     0x000027aa       0xfe uart.o

.debug_macinfo
 *(.debug_macinfo)

.debug_weaknames
 *(.debug_weaknames)

.debug_funcnames
 *(.debug_funcnames)

.debug_typenames
 *(.debug_typenames)

.debug_varnames
 *(.debug_varnames)

.debug_pubtypes
 *(.debug_pubtypes)

.debug_ranges   0x00000000      0x4e0
 *(.debug_ranges)
 .debug_ranges  0x00000000       0x20 adc.o
 .debug_ranges  0x00000020       0x78 main.o
 .debug_ranges  0x00000098       0x18 stack/hal/atmega256rfr2/src/hal.o
 .debug_ranges  0x000000b0       0x20 stack/hal/atmega256rfr2/src/halTimer.o
 .debug_ranges  0x000000d0       0x30 stack/hal/drivers/atmega256rfr2/src/halSleep.o
 .debug_ranges  0x00000100       0x38 stack/hal/drivers/atmega256rfr2/src/halUart.o
 .debug_ranges  0x00000138       0x60 stack/nwk/src/nwk.o
 .debug_ranges  0x00000198       0x28 stack/nwk/src/nwkDataReq.o
 .debug_ranges  0x000001c0       0x30 stack/nwk/src/nwkFrame.o
 .debug_ranges  0x000001f0       0x88 stack/nwk/src/nwkRoute.o
 .debug_ranges  0x00000278       0xd0 stack/nwk/src/nwkRx.o
 .debug_ranges  0x00000348       0x68 stack/nwk/src/nwkTx.o
 .debug_ranges  0x000003b0       0x78 stack/phy/atmega256rfr2/src/phy.o
 .debug_ranges  0x00000428       0x18 stack/sys/src/sys.o
 .debug_ranges  0x00000440       0x70 stack/sys/src/sysTimer.o
 .debug_ranges  0x000004b0       0x30 uart.o

.debug_macro
 *(.debug_macro)
OUTPUT(LWM_MSSY.elf elf32-avr)
LOAD linker stubs
